[    0.000000] Linux version 4.15.0-88-generic (buildd@lgw01-amd64-036) (gcc version 7.4.0 (Ubuntu 7.4.0-1ubuntu1~18.04.1)) #88-Ubuntu SMP Tue Feb 11 20:11:34 UTC 2020 (Ubuntu 4.15.0-88.88-generic 4.15.18)
[    0.000000] Command line: BOOT_IMAGE=/boot/vmlinuz-4.15.0-88-generic root=LABEL=cloudimg-rootfs ro console=tty1 console=ttyS0
[    0.000000] KERNEL supported cpus:
[    0.000000]   Intel GenuineIntel
[    0.000000]   AMD AuthenticAMD
[    0.000000]   Centaur CentaurHauls
[    0.000000] x86/fpu: Supporting XSAVE feature 0x001: 'x87 floating point registers'
[    0.000000] x86/fpu: Supporting XSAVE feature 0x002: 'SSE registers'
[    0.000000] x86/fpu: Supporting XSAVE feature 0x004: 'AVX registers'
[    0.000000] x86/fpu: xstate_offset[2]:  576, xstate_sizes[2]:  256
[    0.000000] x86/fpu: Enabled xstate features 0x7, context size is 832 bytes, using 'standard' format.
[    0.000000] e820: BIOS-provided physical RAM map:
[    0.000000] BIOS-e820: [mem 0x0000000000000000-0x000000000009fbff] usable
[    0.000000] BIOS-e820: [mem 0x000000000009fc00-0x000000000009ffff] reserved
[    0.000000] BIOS-e820: [mem 0x00000000000f0000-0x00000000000fffff] reserved
[    0.000000] BIOS-e820: [mem 0x0000000000100000-0x000000003ffeffff] usable
[    0.000000] BIOS-e820: [mem 0x000000003fff0000-0x000000003fffffff] ACPI data
[    0.000000] BIOS-e820: [mem 0x00000000fec00000-0x00000000fec00fff] reserved
[    0.000000] BIOS-e820: [mem 0x00000000fee00000-0x00000000fee00fff] reserved
[    0.000000] BIOS-e820: [mem 0x00000000fffc0000-0x00000000ffffffff] reserved
[    0.000000] NX (Execute Disable) protection: active
[    0.000000] SMBIOS 2.5 present.
[    0.000000] DMI: innotek GmbH VirtualBox/VirtualBox, BIOS VirtualBox 12/01/2006
[    0.000000] Hypervisor detected: KVM
[    0.000000] e820: last_pfn = 0x3fff0 max_arch_pfn = 0x400000000
[    0.000000] MTRR: Disabled
[    0.000000] x86/PAT: MTRRs disabled, skipping PAT initialization too.
[    0.000000] CPU MTRRs all blank - virtualized system.
[    0.000000] x86/PAT: Configuration [0-7]: WB  WT  UC- UC  WB  WT  UC- UC  
[    0.000000] found SMP MP-table at [mem 0x009fff0-0x0009ffff]
[    0.000000] Scanning 1 areas for low memory corruption
[    0.000000] RAMDISK: [mem 0x35a6d000-0x36d2dfff]
[    0.000000] ACPI: Early table checksum verification disabled
[    0.000000] ACPI: RSDP 0x00000000000E0000 000024 (v02 VBOX  )
[    0.000000] ACPI: XSDT 0x000000003FFF0030 00003C (v01 VBOX   VBOXXSDT 00000001 ASL  00000061)
[    0.000000] ACPI: FACP 0x000000003FFF00F0 0000F4 (v04 VBOX   VBOXFACP 00000001 ASL  00000061)
[    0.000000] ACPI: DSDT 0x000000003FFF0470 0021FF (v02 VBOX   VBOXBIOS 00000002 INTL 20180105)
[    0.000000] ACPI: FACS 0x000000003FFF0200 000040
[    0.000000] ACPI: FACS 0x000000003FFF0200 000040
[    0.000000] ACPI: APIC 0x000000003FFF0240 00005C (v02 VBOX   VBOXAPIC 00000001 ASL  00000061)
[    0.000000] ACPI: SSDT 0x000000003FFF02A0 0001CC (v01 VBOX   VBOXCPUT 00000002 INTL 20180105)
[    0.000000] No NUMA configuration found
[    0.000000] Faking a node at [mem 0x0000000000000000-0x000000003ffeffff]
[    0.000000] NODE_DATA(0) allocated [mem 0x3ffc5000-0x3ffeffff]
[    0.000000] kvm-clock: cpu 0, msr 0:3ff44001, primary cpu clock
[    0.000000] kvm-clock: Using msrs 4b564d01 and 4b564d00
[    0.000000] kvm-clock: using sched offset of 3974140626 cycles
[    0.000000] clocksource: kvm-clock: mask: 0xffffffffffffffff max_cycles: 0x1cd42e4dffb, max_idle_ns: 881590591483 ns
[    0.000000] Zone ranges:
[    0.000000]   DMA      [mem 0x0000000000001000-0x0000000000ffffff]
[    0.000000]   DMA32    [mem 0x0000000001000000-0x000000003ffeffff]
[    0.000000]   Normal   empty
[    0.000000]   Device   empty
[    0.000000] Movable zone start for each node
[    0.000000] Early memory node ranges
[    0.000000]   node   0: [mem 0x0000000000001000-0x000000000009efff]
[    0.000000]   node   0: [mem 0x0000000000100000-0x000000003ffeffff]
[    0.000000] Reserved but unavailable: 98 pages
[    0.000000] Initmem setup node 0 [mem 0x0000000000001000-0x000000003ffeffff]
[    0.000000] ACPI: PM-Timer IO Port: 0x4008
[    0.000000] IOAPIC[0]: apic_id 2, version 32, address 0xfec00000, GSI 0-23
[    0.000000] ACPI: INT_SRC_OVR (bus 0 bus_irq 0 global_irq 2 dfl dfl)
[    0.000000] ACPI: INT_SRC_OVR (bus 0 bus_irq 9 global_irq 9 low level)
[    0.000000] Using ACPI (MADT) for SMP configuration information
[    0.000000] smpboot: Allowing 2 CPUs, 0 hotplug CPUs
[    0.000000] PM: Registered nosave memory: [mem 0x00000000-0x00000fff]
[    0.000000] PM: Registered nosave memory: [mem 0x0009f000-0x0009ffff]
[    0.000000] PM: Registered nosave memory: [mem 0x000a0000-0x000effff]
[    0.000000] PM: Registered nosave memory: [mem 0x000f0000-0x000fffff]
[    0.000000] e820: [mem 0x40000000-0xfebfffff] available for PCI devices
[    0.000000] Booting paravirtualized kernel on KVM
[    0.000000] clocksource: refined-jiffies: mask: 0xffffffff max_cycles: 0xffffffff, max_idle_ns: 7645519600211568 ns
[    0.000000] random: get_random_bytes called from start_kernel+0x99/0x4fd with crng_init=0
[    0.000000] setup_percpu: NR_CPUS:8192 nr_cpumask_bits:2 nr_cpu_ids:2 nr_node_ids:1
[    0.000000] percpu: Embedded 45 pages/cpu s147456 r8192 d28672 u1048576
[    0.000000] PV qspinlock hash table entries: 256 (order: 0, 4096 bytes)
[    0.000000] Built 1 zonelists, mobility grouping on.  Total pages: 257913
[    0.000000] Policy zone: DMA32
[    0.000000] Kernel command line: BOOT_IMAGE=/boot/vmlinuz-4.15.0-88-generic root=LABEL=cloudimg-rootfs ro console=tty1 console=ttyS0
[    0.000000] Memory: 983068K/1048120K available (12300K kernel code, 2481K rwdata, 4264K rodata, 2428K init, 2712K bss, 65052K reserved, 0K cma-reserved)
[    0.000000] SLUB: HWalign=64, Order=0-3, MinObjects=0, CPUs=2, Nodes=1
[    0.000000] Kernel/User page tables isolation: enabled
[    0.000000] ftrace: allocating 39344 entries in 154 pages
[    0.004000] Hierarchical RCU implementation.
[    0.004000] 	RCU restricting CPUs from NR_CPUS=8192 to nr_cpu_ids=2.
[    0.004000] 	Tasks RCU enabled.
[    0.004000] RCU: Adjusting geometry for rcu_fanout_leaf=16, nr_cpu_ids=2
[    0.004000] NR_IRQS: 524544, nr_irqs: 440, preallocated irqs: 16
[    0.004000] Console: colour VGA+ 80x25
[    0.004000] console [tty1] enabled
[    0.004000] console [ttyS0] enabled
[    0.004000] ACPI: Core revision 20170831
[    0.004000] ACPI: 2 ACPI AML tables successfully acquired and loaded
[    0.004000] APIC: Switch to symmetric I/O mode setup
[    0.004000] x2apic enabled
[    0.004000] Switched APIC routing to physical x2apic.
[    0.004000] ..TIMER: vector=0x30 apic1=0 pin1=2 apic2=-1 pin2=-1
[    0.004005] tsc: Detected 2275.242 MHz processor
[    0.005124] Calibrating delay loop (skipped) preset value.. 4550.48 BogoMIPS (lpj=9100968)
[    0.008004] pid_max: default: 32768 minimum: 301
[    0.009020] Security Framework initialized
[    0.009935] Yama: becoming mindful.
[    0.010785] AppArmor: AppArmor initialized
[    0.012749] Dentry cache hash table entries: 131072 (order: 8, 1048576 bytes)
[    0.014391] Inode-cache hash table entries: 65536 (order: 7, 524288 bytes)
[    0.016019] Mount-cache hash table entries: 2048 (order: 2, 16384 bytes)
[    0.017419] Mountpoint-cache hash table entries: 2048 (order: 2, 16384 bytes)
[    0.019164] Last level iTLB entries: 4KB 1024, 2MB 1024, 4MB 1024
[    0.020003] Last level dTLB entries: 4KB 1024, 2MB 1024, 4MB 1024, 1GB 4
[    0.021377] Spectre V1 : Mitigation: usercopy/swapgs barriers and __user pointer sanitization
[    0.023218] Spectre V2 : Mitigation: Full generic retpoline
[    0.024003] Spectre V2 : Spectre v2 / SpectreRSB mitigation: Filling RSB on context switch
[    0.025505] Speculative Store Bypass: Vulnerable
[    0.026440] MDS: Mitigation: Clear CPU buffers
[    0.028191] Freeing SMP alternatives memory: 36K
[    0.139061] smpboot: CPU0: Intel(R) Core(TM) i5-4200U CPU @ 1.60GHz (family: 0x6, model: 0x45, stepping: 0x1)
[    0.140000] Performance Events: unsupported p6 CPU model 69 no PMU driver, software events only.
[    0.140046] Hierarchical SRCU implementation.
[    0.141601] NMI watchdog: Perf event create on CPU 0 failed with -2
[    0.144002] NMI watchdog: Perf NMI watchdog permanently disabled
[    0.145161] smp: Bringing up secondary CPUs ...
[    0.146115] x86: Booting SMP configuration:
[    0.146921] .... node  #0, CPUs:      #1
[    0.004000] kvm-clock: cpu 1, msr 0:3ff44041, secondary cpu clock
[    0.151510] smp: Brought up 1 node, 2 CPUs
[    0.152007] smpboot: Max logical packages: 1
[    0.152849] smpboot: Total of 2 processors activated (9100.96 BogoMIPS)
[    0.154191] devtmpfs: initialized
[    0.154191] x86/mm: Memory block size: 128MB
[    0.156174] evm: security.selinux
[    0.156878] evm: security.SMACK64
[    0.157535] evm: security.SMACK64EXEC
[    0.158245] evm: security.SMACK64TRANSMUTE
[    0.159024] evm: security.SMACK64MMAP
[    0.160004] evm: security.apparmor
[    0.160687] evm: security.ima
[    0.164003] evm: security.capability
[    0.164774] clocksource: jiffies: mask: 0xffffffff max_cycles: 0xffffffff, max_idle_ns: 7645041785100000 ns
[    0.165860] futex hash table entries: 512 (order: 3, 32768 bytes)
[    0.168759] pinctrl core: initialized pinctrl subsystem
[    0.169903] RTC time: 19:06:08, date: 03/07/20
[    0.170916] NET: Registered protocol family 16
[    0.172100] audit: initializing netlink subsys (disabled)
[    0.173189] audit: type=2000 audit(1583607973.804:1): state=initialized audit_enabled=0 res=1
[    0.176021] cpuidle: using governor ladder
[    0.176844] cpuidle: using governor menu
[    0.177670] ACPI: bus type PCI registered
[    0.178445] acpiphp: ACPI Hot Plug PCI Controller Driver version: 0.5
[    0.179736] PCI: Using configuration type 1 for base access
[    0.181254] HugeTLB registered 2.00 MiB page size, pre-allocated 0 pages
[    0.184115] ACPI: Added _OSI(Module Device)
[    0.185170] ACPI: Added _OSI(Processor Device)
[    0.188005] ACPI: Added _OSI(3.0 _SCP Extensions)
[    0.189143] ACPI: Added _OSI(Processor Aggregator Device)
[    0.190188] ACPI: Added _OSI(Linux-Dell-Video)
[    0.191026] ACPI: Added _OSI(Linux-Lenovo-NV-HDMI-Audio)
[    0.192003] ACPI: Added _OSI(Linux-HPI-Hybrid-Graphics)
[    0.193317] ACPI: Executed 1 blocks of module-level executable AML code
[    0.199258] ACPI: Interpreter enabled
[    0.200000] ACPI: (supports S0 S5)
[    0.200003] ACPI: Using IOAPIC for interrupt routing
[    0.204294] PCI: Using host bridge windows from ACPI; if necessary, use "pci=nocrs" and report a bug
[    0.206202] ACPI: Enabled 2 GPEs in block 00 to 07
[    0.214447] ACPI: PCI Root Bridge [PCI0] (domain 0000 [bus 00-ff])
[    0.216025] acpi PNP0A03:00: _OSC: OS supports [ASPM ClockPM Segments MSI]
[    0.217310] acpi PNP0A03:00: _OSC: not requesting OS control; OS requires [ExtendedConfig ASPM ClockPM MSI]
[    0.219116] acpi PNP0A03:00: fail to add MMCONFIG information, can't access extended PCI configuration space under this bridge.
[    0.220591] PCI host bridge to bus 0000:00
[    0.221487] pci_bus 0000:00: root bus resource [io  0x0000-0x0cf7 window]
[    0.224007] pci_bus 0000:00: root bus resource [io  0x0d00-0xffff window]
[    0.225227] pci_bus 0000:00: root bus resource [mem 0x000a0000-0x000bffff window]
[    0.227077] pci_bus 0000:00: root bus resource [mem 0x40000000-0xfdffffff window]
[    0.228006] pci_bus 0000:00: root bus resource [bus 00-ff]
[    0.237758] pci 0000:00:01.1: legacy IDE quirk: reg 0x10: [io  0x01f0-0x01f7]
[    0.239402] pci 0000:00:01.1: legacy IDE quirk: reg 0x14: [io  0x03f6]
[    0.240004] pci 0000:00:01.1: legacy IDE quirk: reg 0x18: [io  0x0170-0x0177]
[    0.241615] pci 0000:00:01.1: legacy IDE quirk: reg 0x1c: [io  0x0376]
[    0.270677] pci 0000:00:07.0: quirk: [io  0x4000-0x403f] claimed by PIIX4 ACPI
[    0.272016] pci 0000:00:07.0: quirk: [io  0x4100-0x410f] claimed by PIIX4 SMB
[    0.290179] ACPI: PCI Interrupt Link [LNKA] (IRQs 5 9 10 *11)
[    0.292247] ACPI: PCI Interrupt Link [LNKB] (IRQs 5 9 *10 11)
[    0.293564] ACPI: PCI Interrupt Link [LNKC] (IRQs 5 *9 10 11)
[    0.294969] ACPI: PCI Interrupt Link [LNKD] (IRQs 5 9 10 *11)
[    0.296000] SCSI subsystem initialized
[    0.296070] pci 0000:00:02.0: vgaarb: setting as boot VGA device
[    0.297117] pci 0000:00:02.0: vgaarb: VGA device added: decodes=io+mem,owns=io+mem,locks=none
[    0.300016] pci 0000:00:02.0: vgaarb: bridge control possible
[    0.304003] vgaarb: loaded
[    0.304593] ACPI: bus type USB registered
[    0.305371] usbcore: registered new interface driver usbfs
[    0.306394] usbcore: registered new interface driver hub
[    0.307391] usbcore: registered new device driver usb
[    0.308992] EDAC MC: Ver: 3.0.0
[    0.308992] PCI: Using ACPI for IRQ routing
[    0.309166] NetLabel: Initializing
[    0.309865] NetLabel:  domain hash size = 128
[    0.312004] NetLabel:  protocols = UNLABELED CIPSOv4 CALIPSO
[    0.313037] NetLabel:  unlabeled traffic allowed by default
[    0.314108] clocksource: Switched to clocksource kvm-clock
[    0.326644] VFS: Disk quotas dquot_6.6.0
[    0.330188] VFS: Dquot-cache hash table entries: 512 (order 0, 4096 bytes)
[    0.332367] AppArmor: AppArmor Filesystem Enabled
[    0.333306] pnp: PnP ACPI init
[    0.335068] pnp: PnP ACPI: found 3 devices
[    0.346228] clocksource: acpi_pm: mask: 0xffffff max_cycles: 0xffffff, max_idle_ns: 2085701024 ns
[    0.347975] NET: Registered protocol family 2
[    0.349084] TCP established hash table entries: 8192 (order: 4, 65536 bytes)
[    0.350378] TCP bind hash table entries: 8192 (order: 5, 131072 bytes)
[    0.352208] TCP: Hash tables configured (established 8192 bind 8192)
[    0.353421] UDP hash table entries: 512 (order: 2, 16384 bytes)
[    0.354524] UDP-Lite hash table entries: 512 (order: 2, 16384 bytes)
[    0.355708] NET: Registered protocol family 1
[    0.356645] pci 0000:00:00.0: Limiting direct PCI/PCI transfers
[    0.357735] pci 0000:00:01.0: Activating ISA DMA hang workarounds
[    0.358872] pci 0000:00:02.0: Video device with shadowed ROM at [mem 0x000c0000-0x000dffff]
[    0.360542] Unpacking initramfs...
[    0.696974] Freeing initrd memory: 19204K
[    0.701122] clocksource: tsc: mask: 0xffffffffffffffff max_cycles: 0x20cbd94b432, max_idle_ns: 440795294102 ns
[    0.703278] platform rtc_cmos: registered platform RTC device (no PNP device found)
[    0.705024] Scanning for low memory corruption every 60 seconds
[    0.707044] Initialise system trusted keyrings
[    0.708106] Key type blacklist registered
[    0.709099] workingset: timestamp_bits=36 max_order=18 bucket_order=0
[    0.711469] zbud: loaded
[    0.712717] squashfs: version 4.0 (2009/01/31) Phillip Lougher
[    0.714199] fuse init (API version 7.26)
[    0.718035] Key type asymmetric registered
[    0.719044] Asymmetric key parser 'x509' registered
[    0.720344] Block layer SCSI generic (bsg) driver version 0.4 loaded (major 246)
[    0.722008] io scheduler noop registered
[    0.722857] io scheduler deadline registered
[    0.723870] io scheduler cfq registered (default)
[    0.730589] ACPI: AC Adapter [AC] (on-line)
[    0.731627] input: Power Button as /devices/LNXSYSTM:00/LNXPWRBN:00/input/input0
[    0.733436] ACPI: Power Button [PWRF]
[    0.734344] input: Sleep Button as /devices/LNXSYSTM:00/LNXSLPBN:00/input/input1
[    0.736089] ACPI: Sleep Button [SLPF]
[    0.738078] ACPI: Battery Slot [BAT0] (battery present)
[    0.739418] Serial: 8250/16550 driver, 32 ports, IRQ sharing enabled
[    0.763320] 00:02: ttyS0 at I/O 0x3f8 (irq = 4, base_baud = 115200) is a 16550A
[    0.769407] Linux agpgart interface v0.103
[    0.772413] loop: module loaded
[    0.773856] scsi host0: ata_piix
[    0.774831] scsi host1: ata_piix
[    0.775617] ata1: PATA max UDMA/33 cmd 0x1f0 ctl 0x3f6 bmdma 0xd000 irq 14
[    0.777160] ata2: PATA max UDMA/33 cmd 0x170 ctl 0x376 bmdma 0xd008 irq 15
[    0.779043] libphy: Fixed MDIO Bus: probed
[    0.784751] tun: Universal TUN/TAP device driver, 1.6
[    0.785817] PPP generic driver version 2.4.2
[    0.786792] ehci_hcd: USB 2.0 'Enhanced' Host Controller (EHCI) Driver
[    0.788473] ehci-pci: EHCI PCI platform driver
[    0.789338] ehci-platform: EHCI generic platform driver
[    0.790307] ohci_hcd: USB 1.1 'Open' Host Controller (OHCI) Driver
[    0.791454] ohci-pci: OHCI PCI platform driver
[    0.792421] ohci-platform: OHCI generic platform driver
[    0.793397] uhci_hcd: USB Universal Host Controller Interface driver
[    0.794603] i8042: PNP: PS/2 Controller [PNP0303:PS2K,PNP0f03:PS2M] at 0x60,0x64 irq 1,12
[    0.796656] serio: i8042 KBD port at 0x60,0x64 irq 1
[    0.797629] serio: i8042 AUX port at 0x60,0x64 irq 12
[    0.798838] mousedev: PS/2 mouse device common for all mice
[    0.800723] input: AT Translated Set 2 keyboard as /devices/platform/i8042/serio0/input/input2
[    0.802525] rtc_cmos rtc_cmos: rtc core: registered rtc_cmos as rtc0
[    0.803742] rtc_cmos rtc_cmos: alarms up to one day, 114 bytes nvram
[    0.804965] i2c /dev entries driver
[    0.805725] device-mapper: uevent: version 1.0.3
[    0.806744] device-mapper: ioctl: 4.37.0-ioctl (2017-09-20) initialised: dm-devel@redhat.com
[    0.808393] ledtrig-cpu: registered to indicate activity on CPUs
[    0.810022] NET: Registered protocol family 10
[    0.818345] Segment Routing with IPv6
[    0.819349] NET: Registered protocol family 17
[    0.820668] Key type dns_resolver registered
[    0.821953] mce: Using 0 MCE banks
[    0.822660] RAS: Correctable Errors collector initialized.
[    0.824970] sched_clock: Marking stable (824931407, 0)->(1375634564, -550703157)
[    0.830155] registered taskstats version 1
[    0.831077] Loading compiled-in X.509 certificates
[    0.835190] Loaded X.509 cert 'Build time autogenerated kernel key: f0020782f0d3a548186fb3f47aed88387a71e859'
[    0.837692] zswap: loaded using pool lzo/zbud
[    0.843058] Key type big_key registered
[    0.844061] Key type trusted registered
[    0.847033] Key type encrypted registered
[    0.848079] AppArmor: AppArmor sha1 policy hashing enabled
[    0.849370] ima: No TPM chip found, activating TPM-bypass! (rc=-19)
[    0.850681] ima: Allocated hash algorithm: sha1
[    0.851665] evm: HMAC attrs: 0x1
[    0.852732]   Magic number: 12:586:141
[    0.853710] rtc_cmos rtc_cmos: setting system clock to 2020-03-07 19:06:09 UTC (1583607969)
[    0.855742] BIOS EDD facility v0.16 2004-Jun-25, 0 devices found
[    0.857143] EDD information not available.
[    0.947136] Freeing unused kernel image memory: 2428K
[    0.956087] Write protecting the kernel read-only data: 20480k
[    0.958782] Freeing unused kernel image memory: 2008K
[    0.961442] Freeing unused kernel image memory: 1880K
[    0.969783] x86/mm: Checked W+X mappings: passed, no W+X pages found.
[    0.971158] x86/mm: Checking user space page tables
[    0.979230] x86/mm: Checked W+X mappings: passed, no W+X pages found.
Loading, please wait...
starting version 237
[    1.063645] e1000: Intel(R) PRO/1000 Network Driver - version 7.3.21-k8-NAPI
[    1.070395] e1000: Copyright (c) 1999-2006 Intel Corporation.
[    1.075510] Fusion MPT base driver 3.04.20
[    1.078211] Copyright (c) 1999-2008 LSI Corporation
[    1.086530] Fusion MPT SPI Host driver 3.04.20
[    1.099338] AVX2 version of gcm_enc/dec engaged.
[    1.102055] AES CTR mode by8 optimization enabled
[    1.307837] input: ImExPS/2 Generic Explorer Mouse as /devices/platform/i8042/serio1/input/input4
[    1.460059] e1000 0000:00:03.0 eth0: (PCI:33MHz:32-bit) 02:2a:ce:cf:0d:74
[    1.725004] e1000 0000:00:03.0 eth0: Intel(R) PRO/1000 Network Connection
[    1.727777] mptbase: ioc0: Initiating bringup
[    1.854683] ioc0: LSI53C1030 A0: Capabilities={Initiator}
[    2.875885] scsi host2: ioc0: LSI53C1030 A0, FwRev=00000000h, Ports=1, MaxQ=256, IRQ=20
[    3.476396] scsi 2:0:0:0: Direct-Access     VBOX     HARDDISK         1.0  PQ: 0 ANSI: 5
[    3.527327] scsi target2:0:0: Beginning Domain Validation
[    3.530084] scsi target2:0:0: Domain Validation skipping write tests
[    3.531334] scsi target2:0:0: Ending Domain Validation
[    3.532451] scsi target2:0:0: asynchronous
[    3.533765] scsi 2:0:1:0: Direct-Access     VBOX     HARDDISK         1.0  PQ: 0 ANSI: 5
[    3.827052] scsi target2:0:1: Beginning Domain Validation
[    3.829223] random: fast init done
[    3.830196] scsi target2:0:1: Domain Validation skipping write tests
[    3.850538] scsi target2:0:1: Ending Domain Validation
[    3.853702] scsi target2:0:1: asynchronous
[    3.863402] sd 2:0:0:0: Attached scsi generic sg0 type 0
[    3.863463] random: systemd-udevd: uninitialized urandom read (16 bytes read)
[    3.902565] sd 2:0:0:0: [sda] 20971520 512-byte logical blocks: (10.7 GB/10.0 GiB)
[    3.902828] random: systemd-udevd: uninitialized urandom read (16 bytes read)
[    3.904869] e1000 0000:00:08.0 eth1: (PCI:33MHz:32-bit) 08:00:27:5b:18:4f
[    3.906370] sd 2:0:1:0: Attached scsi generic sg1 type 0
[    3.909219] e1000 0000:00:08.0 eth1: Intel(R) PRO/1000 Network Connection
[    3.909230] sd 2:0:0:0: [sda] Write Protect is off
[    3.952761] random: systemd-udevd: uninitialized urandom read (16 bytes read)
[    3.955214] sd 2:0:0:0: [sda] Incomplete mode parameter data
[    3.957843] sd 2:0:0:0: [sda] Assuming drive cache: write through
[    3.957966] sd 2:0:1:0: [sdb] 20480 512-byte logical blocks: (10.5 MB/10.0 MiB)
[    3.962347] e1000 0000:00:03.0 enp0s3: renamed from eth0
[    3.968019] sd 2:0:1:0: [sdb] Write Protect is off
[    3.975543] sd 2:0:1:0: [sdb] Incomplete mode parameter data
[    3.982444] sd 2:0:1:0: [sdb] Assuming drive cache: write through
[    3.992685] e1000 0000:00:08.0 enp0s8: renamed from eth1
[    3.994024]  sda: sda1
[    3.995335] sd 2:0:0:0: [sda] Attached SCSI disk
[    4.023495] sd 2:0:1:0: [sdb] Attached SCSI disk
Begin: Loading essential drivers ... [    5.600038] raid6: sse2x1   gen()  8362 MB/s
[    5.688060] raid6: sse2x1   xor()  5862 MB/s
[    5.736054] raid6: sse2x2   gen() 10169 MB/s
[    5.784060] raid6: sse2x2   xor()  6482 MB/s
[    5.832037] raid6: sse2x4   gen() 11856 MB/s
[    5.880046] raid6: sse2x4   xor()  7135 MB/s
[    5.928049] raid6: avx2x1   gen() 16435 MB/s
[    5.976039] raid6: avx2x1   xor() 11192 MB/s
[    6.024038] raid6: avx2x2   gen() 17043 MB/s
[    6.096062] raid6: avx2x2   xor()  7908 MB/s
[    6.160057] raid6: avx2x4   gen() 16678 MB/s
[    6.208057] raid6: avx2x4   xor() 14084 MB/s
[    6.216698] raid6: using algorithm avx2x2 gen() 17043 MB/s
[    6.217680] raid6: .... xor() 7908 MB/s, rmw enabled
[    6.218781] raid6: using avx2x2 recovery algorithm
[    6.221820] xor: automatically using best checksumming function   avx       
[    6.224801] async_tx: api initialized (async)
done.
Begin: Running /scripts/init-premount ... done.
Begin: Mounting root file system ... Begin: Running /scripts/local-top ... done.
Begin: Running /scripts/local-premount ... [    6.280490] Btrfs loaded, crc32c=crc32c-intel
Scanning for Btrfs filesystems
done.
Warning: fsck not present, so skipping root file system
[    6.335148] EXT4-fs (sda1): mounted filesystem with ordered data mode. Opts: (null)
done.
Begin: Running /scripts/local-bottom ... done.
Begin: Running /scripts/init-bottom ... done.
[    7.555342] ip_tables: (C) 2000-2006 Netfilter Core Team
[    7.887211] systemd[1]: systemd 237 running in system mode. (+PAM +AUDIT +SELINUX +IMA +APPARMOR +SMACK +SYSVINIT +UTMP +LIBCRYPTSETUP +GCRYPT +GNUTLS +ACL +XZ +LZ4 +SECCOMP +BLKID +ELFUTILS +KMOD -IDN2 +IDN -PCRE2 default-hierarchy=hybrid)
[    7.908971] systemd[1]: Detected virtualization oracle.
[    7.909938] systemd[1]: Detected architecture x86-64.

Welcome to [1mUbuntu 18.04.4 LTS[0m!

[    7.956822] systemd[1]: Set hostname to <ubuntu>.
[    8.031954] systemd[1]: Initializing machine ID from random generator.
[    8.107526] systemd[1]: Installed transient /etc/machine-id file.
[    8.776111] random: crng init done
[    9.482183] random: 7 urandom warning(s) missed due to ratelimiting
[   10.599415] systemd[1]: Set up automount Arbitrary Executable File Formats File System Automount Point.
[[0;32m  OK  [0m] Set up automount Arbitrary Executabâ€¦rmats File System Automount Point.
[   10.631112] systemd[1]: Created slice System Slice.
[[0;32m  OK  [0m] Created slice System Slice.
[   10.633309] systemd[1]: Listening on LVM2 poll daemon socket.
[[0;32m  OK  [0m] Listening on LVM2 poll daemon socket.
[   10.636508] systemd[1]: Listening on Syslog Socket.
[[0;32m  OK  [0m] Listening on Syslog Socket.
[[0;32m  OK  [0m] Reached target User and Group Name Lookups.
[[0;32m  OK  [0m] Listening on Journal Socket (/dev/log).
[[0;32m  OK  [0m] Listening on udev Control Socket.
[[0;32m  OK  [0m] Listening on Journal Audit Socket.
[[0;32m  OK  [0m] Listening on /dev/initctl Compatibility Named Pipe.
[[0;32m  OK  [0m] Listening on Network Service Netlink Socket.
[[0;32m  OK  [0m] Listening on Device-mapper event daemon FIFOs.
[[0;32m  OK  [0m] Created slice system-serial\x2dgetty.slice.
[[0;32m  OK  [0m] Listening on Journal Socket.
         Starting Uncomplicated firewall...
         Starting Load Kernel Modules...
         Starting Remount Root and Kernel File Systems...
         Mounting Huge Pages File System...
         Starting Create list of required stâ€¦ce nodes for the current kernel...
         Mounting Kernel Debug File System...
         Starting Journal Service...
         Starting Set the console keyboard layout...
[[0;32m  OK  [0m] Reached target Swap.
[[0;32m  OK  [0m] Started Forward Password Requests to Wall Directory Watch.
[[0;32m  OK  [0m] Created slice User and Session Slice.
[[0;32m  OK  [0m] Reached target Slices.
         Mounting POSIX Message Queue File System...
[[0;32m  OK  [0m] Listening on udev Kernel Socket.
         Starting udev Coldplug all Devic[   10.844144] EXT4-fs (sda1): re-mounted. Opts: (null)
es...
[[0;32m  OK  [0m] Listening on LVM2 metadata daemon socket.
[[0;32m  OK  [0m] Reached target System Time Synchronized.
         Starting Monitoring of LVM2 mirrorsâ€¦ng dmeventd or progress polling...
[[0;32m  OK  [0m] Started Uncomplicated firewall.
[[0;32m  OK  [0m] Started Remount Root and Kernel File Systems.
[[0;32m  OK  [0m] Mounted Huge Pages File System.
[[0;32m  OK  [0m] Started Create list of required staâ€¦vice nodes for the current kernel.
[[0;32m  OK  [0m] Mounted Kernel Debug File System.
[[0;32m  OK  [0m] Mounted POSIX Message Queue File System.
         Starting Create Static Device Nodes in /dev...
         Starting Load/Save Random Seed...
[   11.006775] Loading iSCSI transport class v2.0-870.
[[0;32m  OK  [0m] Started Journal Service.
         Starting Flush Journal to Persistent Storage...
[   11.290182] iscsi: registered transport (tcp)
[[0;32m  OK  [0m] Started Set the console keyboard layout.
[[0;32m  OK  [0m] Started Load/Save Random Seed.
[   11.472707] systemd-journald[404]: Received request to flush runtime journal from PID 1
[[0;32m  OK  [0m] Started udev Coldplug all Devices.
[   11.535581] iscsi: registered transport (iser)
[[0;32m  OK  [0m] Started Load Kernel Modules.
         Mounting Kernel Configuration File System...
         Starting Apply Kernel Variables...
         Mounting FUSE Control File System...
[[0;32m  OK  [0m] Mounted Kernel Configuration File System.
[[0;32m  OK  [0m] Mounted FUSE Control File System.
[[0;32m  OK  [0m] Started Create Static Device Nodes in /dev.
         Starting udev Kernel Device Manager...
[[0;32m  OK  [0m] Started LVM2 metadata daemon.
[[0;32m  OK  [0m] Started Apply Kernel Variables.
[[0;32m  OK  [0m] Started Flush Journal to Persistent Storage.
[[0;32m  OK  [0m] Started Monitoring of LVM2 mirrors,â€¦sing dmeventd or progress polling.
[[0;32m  OK  [0m] Reached target Local File Systems (Pre).
[[0;32m  OK  [0m] Reached target Local File Systems.
         Starting Tell Plymouth To Write Out Runtime Data...
         Starting AppArmor initialization...
         Starting ebtables ruleset management...
         Starting Set console font and keymap...
         Starting Create Volatile Files and Directories...
         Starting Commit a transient machine-id on disk...
[[0;32m  OK  [0m] Started udev Kernel Device Manager.
[[0;32m  OK  [0m] Started Tell Plymouth To Write Out Runtime Data.
[[0;32m  OK  [0m] Started Dispatch Password Requests to Console Directory Watch.
[[0;32m  OK  [0m] Reached target Local Encrypted Volumes.
[[0;32m  OK  [0m] Started Set console font and keymap.
[[0;32m  OK  [0m] Started Create Volatile Files and Directories.
         Starting Update UTMP about System Boot/Shutdown...
[[0;32m  OK  [0m] Started Update UTMP about System Boot/Shutdown.
[[0;32m  OK  [0m] Started Commit a transient machine-id on disk.
[[0;32m  OK  [0m] Started ebtables ruleset management.
[[0;32m  OK  [0m] Found device /dev/ttyS0.
[[0;32m  OK  [0m] Listening on Load/Save RF Kill Switch Status /dev/rfkill Watch.
[[0;32m  OK  [0m] Started AppArmor initialization.
         Starting Initial cloud-init job (pre-networking)...
[   20.979856] cloud-init[569]: Cloud-init v. 19.4-33-gbb4131a2-0ubuntu1~18.04.1 running 'init-local' at Sat, 07 Mar 2020 19:06:28 +0000. Up 20.22 seconds.
[[0;32m  OK  [0m] Started Initial cloud-init job (pre-networking).
[[0;32m  OK  [0m] Reached target Network (Pre).
         Starting Network Service...
[[0;32m  OK  [0m] Started Network Service.
         Starting Wait for Network to be Configured...
         Starting Network Name Resolution...
[[0;32m  OK  [0m] Started Network Name Resolution.
[[0;32m  OK  [0m] Reached target Network.
[[0;32m  OK  [0m] Reached target Host and Network Name Lookups.
[[0;32m  OK  [0m] Started Wait for Network to be Configured.
         Starting Initial cloud-init job (metadata service crawler)...
[   23.911058] cloud-init[698]: Cloud-init v. 19.4-33-gbb4131a2-0ubuntu1~18.04.1 running 'init' at Sat, 07 Mar 2020 19:06:32 +0000. Up 23.67 seconds.
[   23.920009] cloud-init[698]: ci-info: ++++++++++++++++++++++++++++++++++++++Net device info++++++++++++++++++++++++++++++++++++++
[   23.921758] cloud-init[698]: ci-info: +--------+-------+---------------------------+---------------+--------+-------------------+
[   23.923401] cloud-init[698]: ci-info: | Device |   Up  |          Address          |      Mask     | Scope  |     Hw-Address    |
[   23.925105] cloud-init[698]: ci-info: +--------+-------+---------------------------+---------------+--------+-------------------+
[   23.926764] cloud-init[698]: ci-info: | enp0s3 |  True |         10.0.2.15         | 255.255.255.0 | global | 02:2a:ce:cf:0d:74 |
[   23.928561] cloud-init[698]: ci-info: | enp0s3 |  True | fe80::2a:ceff:fecf:d74/64 |       .       |  link  | 02:2a:ce:cf:0d:74 |
[   23.930793] cloud-init[698]: ci-info: | enp0s8 | False |             .             |       .       |   .    | 08:00:27:5b:18:4f |
[   23.933100] cloud-init[698]: ci-info: |   lo   |  True |         127.0.0.1         |   255.0.0.0   |  host  |         .         |
[   23.935333] cloud-init[698]: ci-info: |   lo   |  True |          ::1/128          |       .       |  host  |         .         |
[   23.937645] cloud-init[698]: ci-info: +--------+-------+---------------------------+---------------+--------+-------------------+
[   23.939951] cloud-init[698]: ci-info: ++++++++++++++++++++++++++++Route IPv4 info+++++++++++++++++++++++++++++
[   23.941948] cloud-init[698]: ci-info: +-------+-------------+----------+-----------------+-----------+-------+
[   23.943880] cloud-init[698]: ci-info: | Route | Destination | Gateway  |     Genmask     | Interface | Flags |
[   23.945860] cloud-init[698]: ci-info: +-------+-------------+----------+-----------------+-----------+-------+
[   23.951153] cloud-init[698]: ci-info: |   0   |   0.0.0.0   | 10.0.2.2 |     0.0.0.0     |   enp0s3  |   UG  |
[   23.962644] cloud-init[698]: ci-info: |   1   |   10.0.2.0  | 0.0.0.0  |  255.255.255.0  |   enp0s3  |   U   |
[   23.964328] cloud-init[698]: ci-info: |   2   |   10.0.2.2  | 0.0.0.0  | 255.255.255.255 |   enp0s3  |   UH  |
[   23.966329] cloud-init[698]: ci-info: +-------+-------------+----------+-----------------+-----------+-------+
[   23.968565] cloud-init[698]: ci-info: +++++++++++++++++++Route IPv6 info+++++++++++++++++++
[   23.970386] cloud-init[698]: ci-info: +-------+-------------+---------+-----------+-------+
[   23.983797] cloud-init[698]: ci-info: | Route | Destination | Gateway | Interface | Flags |
[   23.985396] cloud-init[698]: ci-info: +-------+-------------+---------+-----------+-------+
[   23.988994] cloud-init[698]: ci-info: |   1   |  fe80::/64  |    ::   |   enp0s3  |   U   |
[   23.990780] cloud-init[698]: ci-info: |   3   |    local    |    ::   |   enp0s3  |   U   |
[   24.029201] cloud-init[698]: ci-info: |   4   |   ff00::/8  |    ::   |   enp0s3  |   U   |
[   24.032115] cloud-init[698]: ci-info: +-------+-------------+---------+-----------+-------+
[   26.222597] cloud-init[698]: Generating public/private rsa key pair.
[   26.231657] cloud-init[698]: Your identification has been saved in /etc/ssh/ssh_host_rsa_key.
[   26.234006] cloud-init[698]: Your public key has been saved in /etc/ssh/ssh_host_rsa_key.pub.
[   26.248990] cloud-init[698]: The key fingerprint is:
[   26.252795] cloud-init[698]: SHA256:PHidAKN3Tj/JUn2ThA9b3EBdp11nUD1myF106MeXd60 root@ubuntu-bionic
[   26.255028] cloud-init[698]: The key's randomart image is:
[   26.261027] cloud-init[698]: +---[RSA 2048]----+
[   26.262548] cloud-init[698]: |      o     .+BO#|
[   26.264180] cloud-init[698]: |     . o   .o++XO|
[   26.268208] cloud-init[698]: |    . . + . .*B.=|
[   26.269835] cloud-init[698]: |     . * * o..ooB|
[   26.272372] cloud-init[698]: |      . S B    o+|
[   26.273906] cloud-init[698]: |       . o .  E  |
[   26.275438] cloud-init[698]: |                 |
[   26.277195] cloud-init[698]: |                 |
[   26.278772] cloud-init[698]: |                 |
[   26.282549] cloud-init[698]: +----[SHA256]-----+
[   26.284381] cloud-init[698]: Generating public/private dsa key pair.
[   26.298327] cloud-init[698]: Your identification has been saved in /etc/ssh/ssh_host_dsa_key.
[   26.301823] cloud-init[698]: Your public key has been saved in /etc/ssh/ssh_host_dsa_key.pub.
[   26.304028] cloud-init[698]: The key fingerprint is:
[   26.316489] cloud-init[698]: SHA256:LrfBkuPJqgZ9Z7dV452ZKJW3cHYMwg4rNuZMzcGXOcI root@ubuntu-bionic
[[0;32m  OK  [0m] Started Initial cloud-init job (metadata service crawler).
[   26.324608] cloud-init[[0;32m  OK  [0m] Reached target System Initialization.
[698]: The key's randomart image is:
         Starting Socket activation for snappy daemon.
[   26.329443] [[0;32m  OK  [0m] Started Daily apt download activities.
[[0;32m  OK  [0m] Started Discard unused blocks once a week.
[[0;32m  OK  [0m] Started Daily Cleanup of Temporary Directories.
[cloud-init[698]: +---[DSA 1024]----+
[   26.333437] cloud-init[698]: |         o . o   |
[   26.333553] cloud-init[698]: |          E B .  |
[   26.333633] cloud-init[698]: |         o B + o |
[   26.333719] cloud-init[698]: |        * + B + o|
[   26.333795] cloud-init[698]: | .     *So + O * |
[0;32m  OK  [0m] Started Message of the Day.
[   26.336207] cloud-init[698]: |. . . o++ o o *  |
[[   26.348831] cloud-init[698]: | . . o=.=o .     |
[   26.349540] cloud-init[698]: |  .  o *.o       |
[   26.350230] cloud-init[698]: | .....+ .        |
[   26.350944] cloud-init[698]: +----[SHA256]-----+
[   26.351644] cloud-init[698]: Generating public/private ecdsa key pair.
[   26.353179] cloud-init[698]: Your identification has been saved in /etc/ssh/ssh_host_ecdsa_key.
[   26.353417] cloud-init[698]: Your public key has been saved in /etc/ssh/ssh_host_ecdsa_key.pub.
[   26.354122] cloud-init[698]: The key fingerprint is:
[   26.354591] cloud-init[698]: SHA256:LPw+sPQT0tjbZ0r+DsdTMWx1CsYwLDVSy2le325lAX0 root@ubuntu-bionic
[   26.355286] cloud-init[698]: The key's randomart image is:
[0;32m  OK  [0m] Started Daily apt upgrade and clean activities.
[[0;32m  OK  [0m] Reached target Timers.
[[   26.355982] cloud-init[698]: +---[ECDSA 256]---+
[   26.363319] cloud-init[698]: |        .+*oo.. o|
[   26.363629] cloud-init[698]: |        .o.*.o.+E|
[   26.363912] cloud-init[698]: |         .= . *..|
[   26.364269] cloud-init[698]: |     . . o . o +.|
[   26.364584] cloud-init[698]: |      o+S .   o +|
[   26.364791] cloud-init[698]: |      =o+  . . o.|
[   26.365132] cloud-init[698]: |     . =.+o +   o|
[   26.365484] cloud-init[698]: |      ..=o.oo. . |
[   26.365820] cloud-init[698]: |        .oo*o    |
[   26.366158] cloud-init[698]: +----[SHA256]-----+
[   26.366490] cloud-init[698]: Generating public/private ed25519 key pair.
[   26.366823] cloud-init[698]: Your identification has been saved in /etc/ssh/ssh_host_ed25519_key.
[   26.367143] cloud-init[698]: Your public key has been saved in /etc/ssh/ssh_host_ed25519_key.pub.
[   26.367475] cloud-init[698]: The key fingerprint is:
[   26.367795] cloud-init[698]: SHA256:vOYBMY/4xWrI61kNtgJ2UTz9K2P2cfqdTXQuvdwkz6w root@ubuntu-bionic
[   26.368312] cloud-init[698]: The key's randomart image is:
[   26.368621] cloud-init[698]: +--[ED25519 256]--+
[   26.369001] cloud-init[698]: |     ...         |
[   26.369335] cloud-init[698]: |     .o .        |
[   26.369646] cloud-init[698]: |    . o. .       |
[   26.369978] cloud-init[698]: |     o B  .      |
[   26.370301] cloud-init[698]: |  o o = S  .    o|
[   26.370960] cloud-init[698]: | . + + B=.o .  +.|
[0;32m  OK  [0m] Listening on D-Bus System Message Bus Socket.
[   26.371173] cloud-init[698]: |    + *o=+ +  o =|
[[0;32m  OK  [0m] Started ACPI Events Check.
[   26.399544] cloud-init[698]: |     * o .o  ..@o|
[[0;32m  OK  [0m] Reached target Paths.
[   26.402110] cloud-init[698]: |   .+   .  .. E+*|
[[0;32m  OK  [0m] Listening on Open-iSCSI iscsid Socket.
[[0;32m  OK  [0m] Listening on ACPID Listen Socket.
[   26.406551] cloud-init[698]: +----[SHA256]-----+
         Starting LXD - unix socket.
[[0;32m  OK  [0m] Listening on UUID daemon activation socket.
[[0;32m  OK  [0m] Reached target Cloud-config availability.
[[0;32m  OK  [0m] Reached target Network is Online.
         Starting Availability of block devices...
[[0;32m  OK  [0m] Reached target Remote File Systems (Pre).
[[0;32m  OK  [0m] Reached target Remote File Systems.
[[0;32m  OK  [0m] Listening on Socket activation for snappy daemon.
[[0;32m  OK  [0m] Listening on LXD - unix socket.
[[0;32m  OK  [0m] Reached target Sockets.
[[0;32m  OK  [0m] Reached target Basic System.
         Starting Pollinate to seed the pseudo random number generator...
         Starting Login Service...
[[0;32m  OK  [0m] Started D-Bus System Message Bus.
[[0;32m  OK  [0m] Started Login Service.
[[0;32m  OK  [0m] Started Regular background program processing daemon.
[[0;32m  OK  [0m] Started irqbalance daemon.
         Starting LSB: automatic crash report generation...
[[0;32m  OK  [0m] Started Unattended Upgrades Shutdown.
         Starting Dispatcher daemon for systemd-networkd...
         Starting LXD - container startup/shutdown...
         Starting Virtualbox guest utils...
[[0;32m  OK  [0m] Started FUSE filesystem for LXC.
         Starting Permit User Sessions...
         Starting LSB: Record successful boot for GRUB...
[[0;32m  OK  [0m] Started Deferred execution scheduler.
         Starting System Logging Service...
         Starting Accounts Service...
         Starting Snappy daemon...
[[0;32m  OK  [0m] Started Availability of block devices.
[[0;32m  OK  [0m] Started Permit User Sessions.
         Starting Terminate Plymouth Boot Screen...
         Starting Hold until boot process finishes up...
[[0;32m  OK  [0m] Started Terminate Plymouth Boot Screen.
[[0;32m  OK  [0m] Started Hold until boot process finishes up.
[[0;32m  OK  [0m] Started Serial Getty on ttyS0.
         Starting Set console scheme...
[[0;32m  OK  [0m] Started Set console scheme.
[[0;32m  OK  [0m] Created slice system-getty.slice.
[[0;32m  OK  [0m] Started Getty on tty1.
[[0;32m  OK  [0m] Reached target Login Prompts.
[[0;32m  OK  [0m] Started LSB: automatic crash report generation.
[[0;32m  OK  [0m] Started LSB: Record successful boot for GRUB.
[[0;32m  OK  [0m] Started System Logging Service.
         Starting Authorization Manager...
[[0;32m  OK  [0m] Started Virtualbox guest utils.
[[0;32m  OK  [0m] Started Authorization Manager.
[[0;32m  OK  [0m] Started Accounts Service.
[[0;32m  OK  [0m] Started Dispatcher daemon for systemd-networkd.
[[0;32m  OK  [0m] Started LXD - container startup/shutdown.
[[0;32m  OK  [0m] Started Snappy daemon.
         Starting Wait until snapd is fully seeded...

Ubuntu 18.04.4 LTS ubuntu-bionic ttyS0

ubuntu-bionic login: [   39.703555] cloud-init[1408]: Cloud-init v. 19.4-33-gbb4131a2-0ubuntu1~18.04.1 running 'modules:config' at Sat, 07 Mar 2020 19:06:45 +0000. Up 37.16 seconds.
ci-info: no authorized SSH keys fingerprints found for user ubuntu.
<14>Mar  7 19:06:49 ec2: 
<14>Mar  7 19:06:49 ec2: #############################################################
<14>Mar  7 19:06:49 ec2: -----BEGIN SSH HOST KEY FINGERPRINTS-----
<14>Mar  7 19:06:49 ec2: 1024 SHA256:LrfBkuPJqgZ9Z7dV452ZKJW3cHYMwg4rNuZMzcGXOcI root@ubuntu-bionic (DSA)
<14>Mar  7 19:06:49 ec2: 256 SHA256:LPw+sPQT0tjbZ0r+DsdTMWx1CsYwLDVSy2le325lAX0 root@ubuntu-bionic (ECDSA)
<14>Mar  7 19:06:49 ec2: 256 SHA256:vOYBMY/4xWrI61kNtgJ2UTz9K2P2cfqdTXQuvdwkz6w root@ubuntu-bionic (ED25519)
<14>Mar  7 19:06:49 ec2: 2048 SHA256:PHidAKN3Tj/JUn2ThA9b3EBdp11nUD1myF106MeXd60 root@ubuntu-bionic (RSA)
<14>Mar  7 19:06:49 ec2: -----END SSH HOST KEY FINGERPRINTS-----
<14>Mar  7 19:06:49 ec2: #############################################################
-----BEGIN SSH HOST KEY KEYS-----
ecdsa-sha2-nistp256 AAAAE2VjZHNhLXNoYTItbmlzdHAyNTYAAAAIbmlzdHAyNTYAAABBBAsxxGowp3G2begqTovH7NJxBNHre0T1R0Te/3K2eB1TcJ+Qr+gQdnBBr+zF7ZwoLSWzzL0sAmM9MP0OWo0jAnU= root@ubuntu-bionic
ssh-ed25519 AAAAC3NzaC1lZDI1NTE5AAAAIP9QFnQ46GpRrjvu11YRED282rGewC6lmEikhAeIGZ+5 root@ubuntu-bionic
ssh-rsa AAAAB3NzaC1yc2EAAAADAQABAAABAQDbnbWT5Jgvnae3wvfhYeCja9cx0K6C3iDmRZgkbPPyQ46DzzO0sSp9/CPIsfpXgOKhWtdnl7m/BN5lrDd8BoUOsu9Zw+F/edl3woiNNY/6LWOU32mWak3T8JlEtI6nHMR0rWPmyAqyCX8yJFbNtHC+X5/NtVs9VUVdKzuezabjktJ9sIxbvY1aw9ALQTQ/CM7MynvAxM+1pV8nlqOfhdDEMq2n7jqBg8t5NchfGdFSx0Q9tRNLCsn0+dw6KYUcJHfid7Siot8AdLjVyBKYmcn4SHI4TjtOkYtOo5H7Er6EMypic7CBOCG4jVMhoLX/R73K/cq7M7UVWyCbZmav/lV9 root@ubuntu-bionic
-----END SSH HOST KEY KEYS-----
[   40.657864] cloud-init[1574]: Cloud-init v. 19.4-33-gbb4131a2-0ubuntu1~18.04.1 running 'modules:final' at Sat, 07 Mar 2020 19:06:48 +0000. Up 40.29 seconds.
[   40.658080] cloud-init[1574]: ci-info: no authorized SSH keys fingerprints found for user ubuntu.
[   40.658477] cloud-init[1574]: Cloud-init v. 19.4-33-gbb4131a2-0ubuntu1~18.04.1 finished at Sat, 07 Mar 2020 19:06:49 +0000. Datasource DataSourceNoCloud [seed=/dev/sdb][dsmode=net].  Up 40.63 seconds
